// Vitest Snapshot v1, https://vitest.dev/guide/snapshot.html

exports[`StatsSummary > matches snapshot of full render 1`] = `
<div>
  <div
    class="bg-zinc-900 border border-zinc-700 p-4 rounded w-full md:max-w-xs text-sm"
  >
    <h3
      class="text-white font-semibold mb-4 text-lg"
    >
      ðŸ“Š Stats Summary
    </h3>
    <div
      class="mt-4"
    >
      <h4
        class="font-bold text-pink-400"
      >
        Total
      </h4>
      <div
        class="flex justify-between text-white"
      >
        <span>
          P. Atk
        </span>
        <span>
          10.00%
        </span>
      </div>
      <div
        class="flex justify-between text-white"
      >
        <span>
          Cr. Rate
        </span>
        <span>
          3.00%
        </span>
      </div>
      <div
        class="flex justify-between text-white"
      >
        <span>
          M. Def
        </span>
        <span>
          10.00%
        </span>
      </div>
      <div
        class="flex justify-between text-white"
      >
        <span>
          Increase INT
        </span>
        <span>
          0.25%
        </span>
      </div>
    </div>
    <div
      class="mt-4"
    >
      <h4
        class="font-bold text-green-400"
      >
        Total by Runes
      </h4>
      <div
        class="flex justify-between text-white"
      >
        <span>
          Cr. Rate
        </span>
        <span>
          3.00%
        </span>
      </div>
    </div>
    <h4
      class="text-yellow-400 font-bold mt-4"
    >
      Total by Auras
    </h4>
    <div
      class="mt-3"
    >
      <div
        class="text-yellow-300 font-medium"
      >
        Sanctuary
      </div>
      <div
        class="text-yellow-500 text-xs mb-1"
      >
        Trigger Chance: 
        5.00%
      </div>
      <div
        class="flex justify-between text-yellow-200"
      >
        <span>
          P. Atk
        </span>
        <span>
          10.00%
        </span>
      </div>
      <div
        class="flex justify-between text-yellow-200"
      >
        <span>
          M. Def
        </span>
        <span>
          10.00%
        </span>
      </div>
    </div>
    <div
      class="mt-4"
    >
      <h4
        class="font-bold text-blue-400"
      >
        Total by Classes
      </h4>
      <div
        class="flex justify-between text-white"
      >
        <span>
          Increase INT
        </span>
        <span>
          0.25%
        </span>
      </div>
    </div>
  </div>
</div>
`;
